[     152ms] [INFO] %cDownload the React DevTools for a better development experience: https://react.dev/link/react-devtools font-weight:bold @ http://localhost:5174/node_modules/.vite/deps/react-dom_client.js?v=0e265e8e:20102
[  158550ms] [INFO] %cDownload the React DevTools for a better development experience: https://react.dev/link/react-devtools font-weight:bold @ http://localhost:5174/node_modules/.vite/deps/react-dom_client.js:20102
[  180838ms] TypeError: Cannot read properties of undefined (reading 'slice')
    at ActivityWidget (http://localhost:5174/@fs/C:/Users/otero/Documents/GitHub/bold%20app/frontend/modulos/tareas/src/home_module.jsx:438:16)
    at Object.react_stack_bottom_frame (http://localhost:5174/node_modules/.vite/deps/react-dom_client.js:18509:20)
    at renderWithHooks (http://localhost:5174/node_modules/.vite/deps/react-dom_client.js:5654:24)
    at updateFunctionComponent (http://localhost:5174/node_modules/.vite/deps/react-dom_client.js:7475:21)
    at beginWork (http://localhost:5174/node_modules/.vite/deps/react-dom_client.js:8525:20)
    at runWithFiberInDEV (http://localhost:5174/node_modules/.vite/deps/react-dom_client.js:997:72)
    at performUnitOfWork (http://localhost:5174/node_modules/.vite/deps/react-dom_client.js:12561:98)
    at workLoopSync (http://localhost:5174/node_modules/.vite/deps/react-dom_client.js:12424:43)
    at renderRootSync (http://localhost:5174/node_modules/.vite/deps/react-dom_client.js:12408:13)
    at performWorkOnRoot (http://localhost:5174/node_modules/.vite/deps/react-dom_client.js:11827:37)
[  180838ms] [WARNING] %s

%s
 An error occurred in the <ActivityWidget> component. Consider adding an error boundary to your tree to customize error handling behavior.
Visit https://react.dev/link/error-boundaries to learn more about error boundaries. @ http://localhost:5174/node_modules/.vite/deps/react-dom_client.js:6965
[  295132ms] [INFO] %cDownload the React DevTools for a better development experience: https://react.dev/link/react-devtools font-weight:bold @ http://localhost:5174/node_modules/.vite/deps/react-dom_client.js?v=0e265e8e:20102
[  301750ms] [INFO] %cDownload the React DevTools for a better development experience: https://react.dev/link/react-devtools font-weight:bold @ http://localhost:5174/node_modules/.vite/deps/react-dom_client.js:20102
[  301769ms] TypeError: Cannot read properties of undefined (reading 'slice')
    at ActivityWidget (http://localhost:5174/@fs/C:/Users/otero/Documents/GitHub/bold%20app/frontend/modulos/tareas/src/home_module.jsx:438:16)
    at Object.react_stack_bottom_frame (http://localhost:5174/node_modules/.vite/deps/react-dom_client.js:18509:20)
    at renderWithHooks (http://localhost:5174/node_modules/.vite/deps/react-dom_client.js:5654:24)
    at updateFunctionComponent (http://localhost:5174/node_modules/.vite/deps/react-dom_client.js:7475:21)
    at beginWork (http://localhost:5174/node_modules/.vite/deps/react-dom_client.js:8525:20)
    at runWithFiberInDEV (http://localhost:5174/node_modules/.vite/deps/react-dom_client.js:997:72)
    at performUnitOfWork (http://localhost:5174/node_modules/.vite/deps/react-dom_client.js:12561:98)
    at workLoopSync (http://localhost:5174/node_modules/.vite/deps/react-dom_client.js:12424:43)
    at renderRootSync (http://localhost:5174/node_modules/.vite/deps/react-dom_client.js:12408:13)
    at performWorkOnRoot (http://localhost:5174/node_modules/.vite/deps/react-dom_client.js:11827:37)
[  301769ms] [WARNING] %s

%s
 An error occurred in the <ActivityWidget> component. Consider adding an error boundary to your tree to customize error handling behavior.
Visit https://react.dev/link/error-boundaries to learn more about error boundaries. @ http://localhost:5174/node_modules/.vite/deps/react-dom_client.js:6965
[  350160ms] [INFO] %cDownload the React DevTools for a better development experience: https://react.dev/link/react-devtools font-weight:bold @ http://localhost:5174/node_modules/.vite/deps/react-dom_client.js?v=0e265e8e:20102
[  356527ms] [INFO] %cDownload the React DevTools for a better development experience: https://react.dev/link/react-devtools font-weight:bold @ http://localhost:5174/node_modules/.vite/deps/react-dom_client.js:20102
[ 1114672ms] [INFO] %cDownload the React DevTools for a better development experience: https://react.dev/link/react-devtools font-weight:bold @ http://localhost:5174/node_modules/.vite/deps/react-dom_client.js?v=0e265e8e:20102
[ 1513741ms] [INFO] %cDownload the React DevTools for a better development experience: https://react.dev/link/react-devtools font-weight:bold @ http://localhost:5174/node_modules/.vite/deps/react-dom_client.js?v=0e265e8e:20102
[ 1642547ms] [INFO] %cDownload the React DevTools for a better development experience: https://react.dev/link/react-devtools font-weight:bold @ http://localhost:5174/node_modules/.vite/deps/react-dom_client.js?v=0e265e8e:20102
